ALLOC_SEARCH,format=1,mode=single,arena=65536,holes=128,batch=32,churn_steps=2048
ALLOC_SEARCH,case=head,sample=0,us=28
ALLOC_SEARCH,case=head,sample=1,us=22
ALLOC_SEARCH,case=head,sample=2,us=20
ALLOC_SEARCH,case=head,sample=3,us=20
ALLOC_SEARCH,case=head,sample=4,us=19
ALLOC_SEARCH,case=head,sample=5,us=20
ALLOC_SEARCH,case=head,sample=6,us=21
ALLOC_SEARCH,case=head,sample=7,us=22
ALLOC_SEARCH,case=head,sample=8,us=21
ALLOC_SEARCH,case=head,sample=9,us=21
ALLOC_SEARCH,case=head,sample=10,us=21
ALLOC_SEARCH,case=head,sample=11,us=19
ALLOC_SEARCH,case=middle,sample=0,us=226
ALLOC_SEARCH,case=middle,sample=1,us=225
ALLOC_SEARCH,case=middle,sample=2,us=226
ALLOC_SEARCH,case=middle,sample=3,us=224
ALLOC_SEARCH,case=middle,sample=4,us=225
ALLOC_SEARCH,case=middle,sample=5,us=225
ALLOC_SEARCH,case=middle,sample=6,us=224
ALLOC_SEARCH,case=middle,sample=7,us=225
ALLOC_SEARCH,case=middle,sample=8,us=227
ALLOC_SEARCH,case=middle,sample=9,us=225
ALLOC_SEARCH,case=middle,sample=10,us=225
ALLOC_SEARCH,case=middle,sample=11,us=225
ALLOC_SEARCH,case=tail,sample=0,us=432
ALLOC_SEARCH,case=tail,sample=1,us=431
ALLOC_SEARCH,case=tail,sample=2,us=429
ALLOC_SEARCH,case=tail,sample=3,us=429
ALLOC_SEARCH,case=tail,sample=4,us=430
ALLOC_SEARCH,case=tail,sample=5,us=431
ALLOC_SEARCH,case=tail,sample=6,us=430
ALLOC_SEARCH,case=tail,sample=7,us=430
ALLOC_SEARCH,case=tail,sample=8,us=431
ALLOC_SEARCH,case=tail,sample=9,us=429
ALLOC_SEARCH,case=tail,sample=10,us=430
ALLOC_SEARCH,case=tail,sample=11,us=430
ALLOC_SEARCH,case=split,sample=0,us=467
ALLOC_SEARCH,case=split,sample=1,us=483
ALLOC_SEARCH,case=split,sample=2,us=483
ALLOC_SEARCH,case=split,sample=3,us=484
ALLOC_SEARCH,case=split,sample=4,us=484
ALLOC_SEARCH,case=split,sample=5,us=485
ALLOC_SEARCH,case=split,sample=6,us=484
ALLOC_SEARCH,case=split,sample=7,us=484
ALLOC_SEARCH,case=split,sample=8,us=483
ALLOC_SEARCH,case=split,sample=9,us=483
ALLOC_SEARCH,case=split,sample=10,us=483
ALLOC_SEARCH,case=split,sample=11,us=484
ALLOC_SEARCH,case=miss,sample=0,us=300
ALLOC_SEARCH,case=miss,sample=1,us=294
ALLOC_SEARCH,case=miss,sample=2,us=294
ALLOC_SEARCH,case=miss,sample=3,us=293
ALLOC_SEARCH,case=miss,sample=4,us=294
ALLOC_SEARCH,case=miss,sample=5,us=293
ALLOC_SEARCH,case=miss,sample=6,us=293
ALLOC_SEARCH,case=miss,sample=7,us=293
ALLOC_SEARCH,case=miss,sample=8,us=294
ALLOC_SEARCH,case=miss,sample=9,us=293
ALLOC_SEARCH,case=miss,sample=10,us=293
ALLOC_SEARCH,case=miss,sample=11,us=294
ALLOC_SEARCH,case=churn,sample=0,us=11356
ALLOC_SEARCH,case=churn,sample=1,us=11350
ALLOC_SEARCH,case=churn,sample=2,us=11349
ALLOC_SEARCH,case=churn,sample=3,us=11349
ALLOC_SEARCH,case=churn,sample=4,us=11348
ALLOC_SEARCH,case=churn,sample=5,us=11348
ALLOC_SEARCH,case=churn,sample=6,us=11348
ALLOC_SEARCH,case=churn,sample=7,us=11348
ALLOC_SEARCH,case=churn,sample=8,us=11349
ALLOC_SEARCH,case=churn,sample=9,us=11349
ALLOC_SEARCH,case=churn,sample=10,us=11349
ALLOC_SEARCH,case=churn,sample=11,us=11349
ALLOC_SEARCH,checks=pass
ALLOC_SEARCH,done=1
