ALLOC_SEARCH,format=1,mode=single,arena=65536,holes=128,batch=32,churn_steps=2048
ALLOC_SEARCH,case=head,sample=0,us=64
ALLOC_SEARCH,case=head,sample=1,us=53
ALLOC_SEARCH,case=head,sample=2,us=53
ALLOC_SEARCH,case=head,sample=3,us=53
ALLOC_SEARCH,case=head,sample=4,us=53
ALLOC_SEARCH,case=head,sample=5,us=53
ALLOC_SEARCH,case=head,sample=6,us=54
ALLOC_SEARCH,case=head,sample=7,us=54
ALLOC_SEARCH,case=head,sample=8,us=54
ALLOC_SEARCH,case=head,sample=9,us=54
ALLOC_SEARCH,case=head,sample=10,us=53
ALLOC_SEARCH,case=head,sample=11,us=54
ALLOC_SEARCH,case=middle,sample=0,us=168
ALLOC_SEARCH,case=middle,sample=1,us=168
ALLOC_SEARCH,case=middle,sample=2,us=168
ALLOC_SEARCH,case=middle,sample=3,us=168
ALLOC_SEARCH,case=middle,sample=4,us=169
ALLOC_SEARCH,case=middle,sample=5,us=168
ALLOC_SEARCH,case=middle,sample=6,us=169
ALLOC_SEARCH,case=middle,sample=7,us=169
ALLOC_SEARCH,case=middle,sample=8,us=168
ALLOC_SEARCH,case=middle,sample=9,us=169
ALLOC_SEARCH,case=middle,sample=10,us=168
ALLOC_SEARCH,case=middle,sample=11,us=168
ALLOC_SEARCH,case=tail,sample=0,us=293
ALLOC_SEARCH,case=tail,sample=1,us=284
ALLOC_SEARCH,case=tail,sample=2,us=284
ALLOC_SEARCH,case=tail,sample=3,us=284
ALLOC_SEARCH,case=tail,sample=4,us=283
ALLOC_SEARCH,case=tail,sample=5,us=284
ALLOC_SEARCH,case=tail,sample=6,us=284
ALLOC_SEARCH,case=tail,sample=7,us=284
ALLOC_SEARCH,case=tail,sample=8,us=284
ALLOC_SEARCH,case=tail,sample=9,us=284
ALLOC_SEARCH,case=tail,sample=10,us=283
ALLOC_SEARCH,case=tail,sample=11,us=283
ALLOC_SEARCH,case=split,sample=0,us=309
ALLOC_SEARCH,case=split,sample=1,us=318
ALLOC_SEARCH,case=split,sample=2,us=319
ALLOC_SEARCH,case=split,sample=3,us=319
ALLOC_SEARCH,case=split,sample=4,us=319
ALLOC_SEARCH,case=split,sample=5,us=319
ALLOC_SEARCH,case=split,sample=6,us=319
ALLOC_SEARCH,case=split,sample=7,us=319
ALLOC_SEARCH,case=split,sample=8,us=319
ALLOC_SEARCH,case=split,sample=9,us=319
ALLOC_SEARCH,case=split,sample=10,us=319
ALLOC_SEARCH,case=split,sample=11,us=319
ALLOC_SEARCH,case=miss,sample=0,us=355
ALLOC_SEARCH,case=miss,sample=1,us=352
ALLOC_SEARCH,case=miss,sample=2,us=352
ALLOC_SEARCH,case=miss,sample=3,us=353
ALLOC_SEARCH,case=miss,sample=4,us=353
ALLOC_SEARCH,case=miss,sample=5,us=353
ALLOC_SEARCH,case=miss,sample=6,us=362
ALLOC_SEARCH,case=miss,sample=7,us=353
ALLOC_SEARCH,case=miss,sample=8,us=353
ALLOC_SEARCH,case=miss,sample=9,us=353
ALLOC_SEARCH,case=miss,sample=10,us=352
ALLOC_SEARCH,case=miss,sample=11,us=353
ALLOC_SEARCH,case=churn,sample=0,us=14685
ALLOC_SEARCH,case=churn,sample=1,us=14680
ALLOC_SEARCH,case=churn,sample=2,us=14681
ALLOC_SEARCH,case=churn,sample=3,us=14680
ALLOC_SEARCH,case=churn,sample=4,us=14688
ALLOC_SEARCH,case=churn,sample=5,us=14689
ALLOC_SEARCH,case=churn,sample=6,us=14689
ALLOC_SEARCH,case=churn,sample=7,us=14688
ALLOC_SEARCH,case=churn,sample=8,us=14680
ALLOC_SEARCH,case=churn,sample=9,us=14680
ALLOC_SEARCH,case=churn,sample=10,us=14680
ALLOC_SEARCH,case=churn,sample=11,us=14689
ALLOC_SEARCH,checks=pass
ALLOC_SEARCH,done=1
