GC_VARIED,format=1,mode=single,arena_capacity=65536,arena_high_water=65520,checksum=3154,auto_collections=15
GC_VARIED,case=empty,sample=0,us=18
GC_VARIED,case=empty,sample=1,us=17
GC_VARIED,case=empty,sample=2,us=16
GC_VARIED,case=empty,sample=3,us=17
GC_VARIED,case=empty,sample=4,us=16
GC_VARIED,case=empty,sample=5,us=17
GC_VARIED,case=empty,sample=6,us=16
GC_VARIED,case=empty,sample=7,us=16
GC_VARIED,case=empty,sample=8,us=16
GC_VARIED,case=empty,sample=9,us=16
GC_VARIED,case=empty,sample=10,us=16
GC_VARIED,case=empty,sample=11,us=16
GC_VARIED,case=forward_chain,sample=0,us=183
GC_VARIED,case=forward_chain,sample=1,us=162
GC_VARIED,case=forward_chain,sample=2,us=160
GC_VARIED,case=forward_chain,sample=3,us=160
GC_VARIED,case=forward_chain,sample=4,us=160
GC_VARIED,case=forward_chain,sample=5,us=160
GC_VARIED,case=forward_chain,sample=6,us=160
GC_VARIED,case=forward_chain,sample=7,us=160
GC_VARIED,case=forward_chain,sample=8,us=160
GC_VARIED,case=forward_chain,sample=9,us=160
GC_VARIED,case=forward_chain,sample=10,us=160
GC_VARIED,case=forward_chain,sample=11,us=160
GC_VARIED,case=wide_shared,sample=0,us=241
GC_VARIED,case=wide_shared,sample=1,us=170
GC_VARIED,case=wide_shared,sample=2,us=166
GC_VARIED,case=wide_shared,sample=3,us=165
GC_VARIED,case=wide_shared,sample=4,us=164
GC_VARIED,case=wide_shared,sample=5,us=165
GC_VARIED,case=wide_shared,sample=6,us=164
GC_VARIED,case=wide_shared,sample=7,us=164
GC_VARIED,case=wide_shared,sample=8,us=165
GC_VARIED,case=wide_shared,sample=9,us=164
GC_VARIED,case=wide_shared,sample=10,us=164
GC_VARIED,case=wide_shared,sample=11,us=165
GC_VARIED,case=mixed_cycle,sample=0,us=118
GC_VARIED,case=mixed_cycle,sample=1,us=79
GC_VARIED,case=mixed_cycle,sample=2,us=79
GC_VARIED,case=mixed_cycle,sample=3,us=79
GC_VARIED,case=mixed_cycle,sample=4,us=78
GC_VARIED,case=mixed_cycle,sample=5,us=78
GC_VARIED,case=mixed_cycle,sample=6,us=79
GC_VARIED,case=mixed_cycle,sample=7,us=78
GC_VARIED,case=mixed_cycle,sample=8,us=78
GC_VARIED,case=mixed_cycle,sample=9,us=79
GC_VARIED,case=mixed_cycle,sample=10,us=78
GC_VARIED,case=mixed_cycle,sample=11,us=78
GC_VARIED,case=reclaim_mixed,sample=0,us=109
GC_VARIED,case=reclaim_mixed,sample=1,us=106
GC_VARIED,case=reclaim_mixed,sample=2,us=106
GC_VARIED,case=reclaim_mixed,sample=3,us=105
GC_VARIED,case=reclaim_mixed,sample=4,us=106
GC_VARIED,case=reclaim_mixed,sample=5,us=106
GC_VARIED,case=reclaim_mixed,sample=6,us=105
GC_VARIED,case=reclaim_mixed,sample=7,us=105
GC_VARIED,case=reclaim_mixed,sample=8,us=105
GC_VARIED,case=reclaim_mixed,sample=9,us=106
GC_VARIED,case=reclaim_mixed,sample=10,us=107
GC_VARIED,case=reclaim_mixed,sample=11,us=106
GC_VARIED,checks=pass
GC_VARIED,done=1
