ALLOC_SEARCH,format=1,mode=single,arena=65536,holes=128,batch=32,churn_steps=2048
ALLOC_SEARCH,case=head,sample=0,us=65
ALLOC_SEARCH,case=head,sample=1,us=57
ALLOC_SEARCH,case=head,sample=2,us=57
ALLOC_SEARCH,case=head,sample=3,us=57
ALLOC_SEARCH,case=head,sample=4,us=56
ALLOC_SEARCH,case=head,sample=5,us=66
ALLOC_SEARCH,case=head,sample=6,us=56
ALLOC_SEARCH,case=head,sample=7,us=57
ALLOC_SEARCH,case=head,sample=8,us=57
ALLOC_SEARCH,case=head,sample=9,us=56
ALLOC_SEARCH,case=head,sample=10,us=57
ALLOC_SEARCH,case=head,sample=11,us=56
ALLOC_SEARCH,case=middle,sample=0,us=286
ALLOC_SEARCH,case=middle,sample=1,us=287
ALLOC_SEARCH,case=middle,sample=2,us=287
ALLOC_SEARCH,case=middle,sample=3,us=287
ALLOC_SEARCH,case=middle,sample=4,us=287
ALLOC_SEARCH,case=middle,sample=5,us=287
ALLOC_SEARCH,case=middle,sample=6,us=287
ALLOC_SEARCH,case=middle,sample=7,us=287
ALLOC_SEARCH,case=middle,sample=8,us=287
ALLOC_SEARCH,case=middle,sample=9,us=286
ALLOC_SEARCH,case=middle,sample=10,us=286
ALLOC_SEARCH,case=middle,sample=11,us=287
ALLOC_SEARCH,case=tail,sample=0,us=518
ALLOC_SEARCH,case=tail,sample=1,us=527
ALLOC_SEARCH,case=tail,sample=2,us=518
ALLOC_SEARCH,case=tail,sample=3,us=517
ALLOC_SEARCH,case=tail,sample=4,us=517
ALLOC_SEARCH,case=tail,sample=5,us=517
ALLOC_SEARCH,case=tail,sample=6,us=517
ALLOC_SEARCH,case=tail,sample=7,us=517
ALLOC_SEARCH,case=tail,sample=8,us=517
ALLOC_SEARCH,case=tail,sample=9,us=517
ALLOC_SEARCH,case=tail,sample=10,us=527
ALLOC_SEARCH,case=tail,sample=11,us=517
ALLOC_SEARCH,case=split,sample=0,us=561
ALLOC_SEARCH,case=split,sample=1,us=580
ALLOC_SEARCH,case=split,sample=2,us=580
ALLOC_SEARCH,case=split,sample=3,us=581
ALLOC_SEARCH,case=split,sample=4,us=580
ALLOC_SEARCH,case=split,sample=5,us=581
ALLOC_SEARCH,case=split,sample=6,us=581
ALLOC_SEARCH,case=split,sample=7,us=580
ALLOC_SEARCH,case=split,sample=8,us=581
ALLOC_SEARCH,case=split,sample=9,us=580
ALLOC_SEARCH,case=split,sample=10,us=580
ALLOC_SEARCH,case=split,sample=11,us=580
ALLOC_SEARCH,case=miss,sample=0,us=356
ALLOC_SEARCH,case=miss,sample=1,us=352
ALLOC_SEARCH,case=miss,sample=2,us=352
ALLOC_SEARCH,case=miss,sample=3,us=352
ALLOC_SEARCH,case=miss,sample=4,us=352
ALLOC_SEARCH,case=miss,sample=5,us=352
ALLOC_SEARCH,case=miss,sample=6,us=353
ALLOC_SEARCH,case=miss,sample=7,us=352
ALLOC_SEARCH,case=miss,sample=8,us=353
ALLOC_SEARCH,case=miss,sample=9,us=353
ALLOC_SEARCH,case=miss,sample=10,us=352
ALLOC_SEARCH,case=miss,sample=11,us=353
ALLOC_SEARCH,case=churn,sample=0,us=14901
ALLOC_SEARCH,case=churn,sample=1,us=14896
ALLOC_SEARCH,case=churn,sample=2,us=14896
ALLOC_SEARCH,case=churn,sample=3,us=14896
ALLOC_SEARCH,case=churn,sample=4,us=14904
ALLOC_SEARCH,case=churn,sample=5,us=14904
ALLOC_SEARCH,case=churn,sample=6,us=14905
ALLOC_SEARCH,case=churn,sample=7,us=14905
ALLOC_SEARCH,case=churn,sample=8,us=14895
ALLOC_SEARCH,case=churn,sample=9,us=14895
ALLOC_SEARCH,case=churn,sample=10,us=14895
ALLOC_SEARCH,case=churn,sample=11,us=14895
ALLOC_SEARCH,checks=pass
ALLOC_SEARCH,done=1
