ALLOC_SEARCH,format=1,mode=single,arena=65536,holes=128,batch=32,churn_steps=2048
ALLOC_SEARCH,case=head,sample=0,us=67
ALLOC_SEARCH,case=head,sample=1,us=53
ALLOC_SEARCH,case=head,sample=2,us=53
ALLOC_SEARCH,case=head,sample=3,us=53
ALLOC_SEARCH,case=head,sample=4,us=54
ALLOC_SEARCH,case=head,sample=5,us=53
ALLOC_SEARCH,case=head,sample=6,us=53
ALLOC_SEARCH,case=head,sample=7,us=53
ALLOC_SEARCH,case=head,sample=8,us=54
ALLOC_SEARCH,case=head,sample=9,us=54
ALLOC_SEARCH,case=head,sample=10,us=53
ALLOC_SEARCH,case=head,sample=11,us=53
ALLOC_SEARCH,case=middle,sample=0,us=143
ALLOC_SEARCH,case=middle,sample=1,us=143
ALLOC_SEARCH,case=middle,sample=2,us=143
ALLOC_SEARCH,case=middle,sample=3,us=143
ALLOC_SEARCH,case=middle,sample=4,us=142
ALLOC_SEARCH,case=middle,sample=5,us=143
ALLOC_SEARCH,case=middle,sample=6,us=143
ALLOC_SEARCH,case=middle,sample=7,us=143
ALLOC_SEARCH,case=middle,sample=8,us=153
ALLOC_SEARCH,case=middle,sample=9,us=143
ALLOC_SEARCH,case=middle,sample=10,us=143
ALLOC_SEARCH,case=middle,sample=11,us=142
ALLOC_SEARCH,case=tail,sample=0,us=233
ALLOC_SEARCH,case=tail,sample=1,us=233
ALLOC_SEARCH,case=tail,sample=2,us=232
ALLOC_SEARCH,case=tail,sample=3,us=232
ALLOC_SEARCH,case=tail,sample=4,us=233
ALLOC_SEARCH,case=tail,sample=5,us=233
ALLOC_SEARCH,case=tail,sample=6,us=232
ALLOC_SEARCH,case=tail,sample=7,us=232
ALLOC_SEARCH,case=tail,sample=8,us=233
ALLOC_SEARCH,case=tail,sample=9,us=233
ALLOC_SEARCH,case=tail,sample=10,us=232
ALLOC_SEARCH,case=tail,sample=11,us=232
ALLOC_SEARCH,case=split,sample=0,us=254
ALLOC_SEARCH,case=split,sample=1,us=262
ALLOC_SEARCH,case=split,sample=2,us=262
ALLOC_SEARCH,case=split,sample=3,us=262
ALLOC_SEARCH,case=split,sample=4,us=262
ALLOC_SEARCH,case=split,sample=5,us=262
ALLOC_SEARCH,case=split,sample=6,us=262
ALLOC_SEARCH,case=split,sample=7,us=262
ALLOC_SEARCH,case=split,sample=8,us=262
ALLOC_SEARCH,case=split,sample=9,us=261
ALLOC_SEARCH,case=split,sample=10,us=262
ALLOC_SEARCH,case=split,sample=11,us=262
ALLOC_SEARCH,case=miss,sample=0,us=291
ALLOC_SEARCH,case=miss,sample=1,us=289
ALLOC_SEARCH,case=miss,sample=2,us=289
ALLOC_SEARCH,case=miss,sample=3,us=290
ALLOC_SEARCH,case=miss,sample=4,us=290
ALLOC_SEARCH,case=miss,sample=5,us=289
ALLOC_SEARCH,case=miss,sample=6,us=289
ALLOC_SEARCH,case=miss,sample=7,us=289
ALLOC_SEARCH,case=miss,sample=8,us=289
ALLOC_SEARCH,case=miss,sample=9,us=289
ALLOC_SEARCH,case=miss,sample=10,us=290
ALLOC_SEARCH,case=miss,sample=11,us=289
ALLOC_SEARCH,case=churn,sample=0,us=14682
ALLOC_SEARCH,case=churn,sample=1,us=14679
ALLOC_SEARCH,case=churn,sample=2,us=14687
ALLOC_SEARCH,case=churn,sample=3,us=14686
ALLOC_SEARCH,case=churn,sample=4,us=14687
ALLOC_SEARCH,case=churn,sample=5,us=14686
ALLOC_SEARCH,case=churn,sample=6,us=14678
ALLOC_SEARCH,case=churn,sample=7,us=14678
ALLOC_SEARCH,case=churn,sample=8,us=14678
ALLOC_SEARCH,case=churn,sample=9,us=14687
ALLOC_SEARCH,case=churn,sample=10,us=14686
ALLOC_SEARCH,case=churn,sample=11,us=14686
ALLOC_SEARCH,checks=pass
ALLOC_SEARCH,done=1
