ALLOC_SEARCH,format=1,mode=single,arena=65536,holes=128,batch=32,churn_steps=2048
ALLOC_SEARCH,case=head,sample=0,us=66
ALLOC_SEARCH,case=head,sample=1,us=52
ALLOC_SEARCH,case=head,sample=2,us=53
ALLOC_SEARCH,case=head,sample=3,us=53
ALLOC_SEARCH,case=head,sample=4,us=52
ALLOC_SEARCH,case=head,sample=5,us=53
ALLOC_SEARCH,case=head,sample=6,us=53
ALLOC_SEARCH,case=head,sample=7,us=52
ALLOC_SEARCH,case=head,sample=8,us=53
ALLOC_SEARCH,case=head,sample=9,us=53
ALLOC_SEARCH,case=head,sample=10,us=53
ALLOC_SEARCH,case=head,sample=11,us=53
ALLOC_SEARCH,case=middle,sample=0,us=206
ALLOC_SEARCH,case=middle,sample=1,us=206
ALLOC_SEARCH,case=middle,sample=2,us=207
ALLOC_SEARCH,case=middle,sample=3,us=206
ALLOC_SEARCH,case=middle,sample=4,us=207
ALLOC_SEARCH,case=middle,sample=5,us=206
ALLOC_SEARCH,case=middle,sample=6,us=206
ALLOC_SEARCH,case=middle,sample=7,us=207
ALLOC_SEARCH,case=middle,sample=8,us=206
ALLOC_SEARCH,case=middle,sample=9,us=206
ALLOC_SEARCH,case=middle,sample=10,us=206
ALLOC_SEARCH,case=middle,sample=11,us=206
ALLOC_SEARCH,case=tail,sample=0,us=369
ALLOC_SEARCH,case=tail,sample=1,us=360
ALLOC_SEARCH,case=tail,sample=2,us=360
ALLOC_SEARCH,case=tail,sample=3,us=360
ALLOC_SEARCH,case=tail,sample=4,us=359
ALLOC_SEARCH,case=tail,sample=5,us=360
ALLOC_SEARCH,case=tail,sample=6,us=360
ALLOC_SEARCH,case=tail,sample=7,us=360
ALLOC_SEARCH,case=tail,sample=8,us=360
ALLOC_SEARCH,case=tail,sample=9,us=360
ALLOC_SEARCH,case=tail,sample=10,us=360
ALLOC_SEARCH,case=tail,sample=11,us=360
ALLOC_SEARCH,case=split,sample=0,us=391
ALLOC_SEARCH,case=split,sample=1,us=414
ALLOC_SEARCH,case=split,sample=2,us=404
ALLOC_SEARCH,case=split,sample=3,us=404
ALLOC_SEARCH,case=split,sample=4,us=404
ALLOC_SEARCH,case=split,sample=5,us=404
ALLOC_SEARCH,case=split,sample=6,us=404
ALLOC_SEARCH,case=split,sample=7,us=404
ALLOC_SEARCH,case=split,sample=8,us=404
ALLOC_SEARCH,case=split,sample=9,us=405
ALLOC_SEARCH,case=split,sample=10,us=404
ALLOC_SEARCH,case=split,sample=11,us=404
ALLOC_SEARCH,case=miss,sample=0,us=452
ALLOC_SEARCH,case=miss,sample=1,us=449
ALLOC_SEARCH,case=miss,sample=2,us=449
ALLOC_SEARCH,case=miss,sample=3,us=450
ALLOC_SEARCH,case=miss,sample=4,us=449
ALLOC_SEARCH,case=miss,sample=5,us=450
ALLOC_SEARCH,case=miss,sample=6,us=449
ALLOC_SEARCH,case=miss,sample=7,us=449
ALLOC_SEARCH,case=miss,sample=8,us=450
ALLOC_SEARCH,case=miss,sample=9,us=449
ALLOC_SEARCH,case=miss,sample=10,us=450
ALLOC_SEARCH,case=miss,sample=11,us=450
ALLOC_SEARCH,case=churn,sample=0,us=14638
ALLOC_SEARCH,case=churn,sample=1,us=14633
ALLOC_SEARCH,case=churn,sample=2,us=14626
ALLOC_SEARCH,case=churn,sample=3,us=14626
ALLOC_SEARCH,case=churn,sample=4,us=14625
ALLOC_SEARCH,case=churn,sample=5,us=14624
ALLOC_SEARCH,case=churn,sample=6,us=14634
ALLOC_SEARCH,case=churn,sample=7,us=14634
ALLOC_SEARCH,case=churn,sample=8,us=14634
ALLOC_SEARCH,case=churn,sample=9,us=14626
ALLOC_SEARCH,case=churn,sample=10,us=14626
ALLOC_SEARCH,case=churn,sample=11,us=14625
ALLOC_SEARCH,checks=pass
ALLOC_SEARCH,done=1
