ALLOC_SEARCH,format=1,mode=single,arena=65536,holes=128,batch=32,churn_steps=2048
ALLOC_SEARCH,case=head,sample=0,us=29
ALLOC_SEARCH,case=head,sample=1,us=22
ALLOC_SEARCH,case=head,sample=2,us=21
ALLOC_SEARCH,case=head,sample=3,us=20
ALLOC_SEARCH,case=head,sample=4,us=21
ALLOC_SEARCH,case=head,sample=5,us=21
ALLOC_SEARCH,case=head,sample=6,us=20
ALLOC_SEARCH,case=head,sample=7,us=20
ALLOC_SEARCH,case=head,sample=8,us=19
ALLOC_SEARCH,case=head,sample=9,us=20
ALLOC_SEARCH,case=head,sample=10,us=20
ALLOC_SEARCH,case=head,sample=11,us=20
ALLOC_SEARCH,case=middle,sample=0,us=143
ALLOC_SEARCH,case=middle,sample=1,us=142
ALLOC_SEARCH,case=middle,sample=2,us=142
ALLOC_SEARCH,case=middle,sample=3,us=141
ALLOC_SEARCH,case=middle,sample=4,us=142
ALLOC_SEARCH,case=middle,sample=5,us=142
ALLOC_SEARCH,case=middle,sample=6,us=143
ALLOC_SEARCH,case=middle,sample=7,us=143
ALLOC_SEARCH,case=middle,sample=8,us=141
ALLOC_SEARCH,case=middle,sample=9,us=140
ALLOC_SEARCH,case=middle,sample=10,us=142
ALLOC_SEARCH,case=middle,sample=11,us=142
ALLOC_SEARCH,case=tail,sample=0,us=264
ALLOC_SEARCH,case=tail,sample=1,us=266
ALLOC_SEARCH,case=tail,sample=2,us=263
ALLOC_SEARCH,case=tail,sample=3,us=264
ALLOC_SEARCH,case=tail,sample=4,us=265
ALLOC_SEARCH,case=tail,sample=5,us=264
ALLOC_SEARCH,case=tail,sample=6,us=266
ALLOC_SEARCH,case=tail,sample=7,us=263
ALLOC_SEARCH,case=tail,sample=8,us=264
ALLOC_SEARCH,case=tail,sample=9,us=265
ALLOC_SEARCH,case=tail,sample=10,us=264
ALLOC_SEARCH,case=tail,sample=11,us=264
ALLOC_SEARCH,case=split,sample=0,us=288
ALLOC_SEARCH,case=split,sample=1,us=298
ALLOC_SEARCH,case=split,sample=2,us=298
ALLOC_SEARCH,case=split,sample=3,us=299
ALLOC_SEARCH,case=split,sample=4,us=299
ALLOC_SEARCH,case=split,sample=5,us=299
ALLOC_SEARCH,case=split,sample=6,us=299
ALLOC_SEARCH,case=split,sample=7,us=298
ALLOC_SEARCH,case=split,sample=8,us=298
ALLOC_SEARCH,case=split,sample=9,us=299
ALLOC_SEARCH,case=split,sample=10,us=298
ALLOC_SEARCH,case=split,sample=11,us=299
ALLOC_SEARCH,case=miss,sample=0,us=332
ALLOC_SEARCH,case=miss,sample=1,us=326
ALLOC_SEARCH,case=miss,sample=2,us=326
ALLOC_SEARCH,case=miss,sample=3,us=327
ALLOC_SEARCH,case=miss,sample=4,us=328
ALLOC_SEARCH,case=miss,sample=5,us=328
ALLOC_SEARCH,case=miss,sample=6,us=326
ALLOC_SEARCH,case=miss,sample=7,us=327
ALLOC_SEARCH,case=miss,sample=8,us=328
ALLOC_SEARCH,case=miss,sample=9,us=328
ALLOC_SEARCH,case=miss,sample=10,us=325
ALLOC_SEARCH,case=miss,sample=11,us=328
ALLOC_SEARCH,case=churn,sample=0,us=11294
ALLOC_SEARCH,case=churn,sample=1,us=11285
ALLOC_SEARCH,case=churn,sample=2,us=11286
ALLOC_SEARCH,case=churn,sample=3,us=11285
ALLOC_SEARCH,case=churn,sample=4,us=11286
ALLOC_SEARCH,case=churn,sample=5,us=11285
ALLOC_SEARCH,case=churn,sample=6,us=11286
ALLOC_SEARCH,case=churn,sample=7,us=11286
ALLOC_SEARCH,case=churn,sample=8,us=11287
ALLOC_SEARCH,case=churn,sample=9,us=11287
ALLOC_SEARCH,case=churn,sample=10,us=11287
ALLOC_SEARCH,case=churn,sample=11,us=11287
ALLOC_SEARCH,checks=pass
ALLOC_SEARCH,done=1
