ALLOC_SEARCH,format=1,mode=single,arena=65536,holes=128,batch=32,churn_steps=2048
ALLOC_SEARCH,case=head,sample=0,us=24
ALLOC_SEARCH,case=head,sample=1,us=21
ALLOC_SEARCH,case=head,sample=2,us=20
ALLOC_SEARCH,case=head,sample=3,us=19
ALLOC_SEARCH,case=head,sample=4,us=19
ALLOC_SEARCH,case=head,sample=5,us=19
ALLOC_SEARCH,case=head,sample=6,us=17
ALLOC_SEARCH,case=head,sample=7,us=18
ALLOC_SEARCH,case=head,sample=8,us=18
ALLOC_SEARCH,case=head,sample=9,us=18
ALLOC_SEARCH,case=head,sample=10,us=18
ALLOC_SEARCH,case=head,sample=11,us=19
ALLOC_SEARCH,case=middle,sample=0,us=117
ALLOC_SEARCH,case=middle,sample=1,us=115
ALLOC_SEARCH,case=middle,sample=2,us=114
ALLOC_SEARCH,case=middle,sample=3,us=114
ALLOC_SEARCH,case=middle,sample=4,us=115
ALLOC_SEARCH,case=middle,sample=5,us=116
ALLOC_SEARCH,case=middle,sample=6,us=118
ALLOC_SEARCH,case=middle,sample=7,us=116
ALLOC_SEARCH,case=middle,sample=8,us=117
ALLOC_SEARCH,case=middle,sample=9,us=117
ALLOC_SEARCH,case=middle,sample=10,us=116
ALLOC_SEARCH,case=middle,sample=11,us=116
ALLOC_SEARCH,case=tail,sample=0,us=212
ALLOC_SEARCH,case=tail,sample=1,us=214
ALLOC_SEARCH,case=tail,sample=2,us=211
ALLOC_SEARCH,case=tail,sample=3,us=212
ALLOC_SEARCH,case=tail,sample=4,us=211
ALLOC_SEARCH,case=tail,sample=5,us=212
ALLOC_SEARCH,case=tail,sample=6,us=212
ALLOC_SEARCH,case=tail,sample=7,us=212
ALLOC_SEARCH,case=tail,sample=8,us=210
ALLOC_SEARCH,case=tail,sample=9,us=213
ALLOC_SEARCH,case=tail,sample=10,us=211
ALLOC_SEARCH,case=tail,sample=11,us=210
ALLOC_SEARCH,case=split,sample=0,us=230
ALLOC_SEARCH,case=split,sample=1,us=238
ALLOC_SEARCH,case=split,sample=2,us=240
ALLOC_SEARCH,case=split,sample=3,us=240
ALLOC_SEARCH,case=split,sample=4,us=239
ALLOC_SEARCH,case=split,sample=5,us=241
ALLOC_SEARCH,case=split,sample=6,us=240
ALLOC_SEARCH,case=split,sample=7,us=241
ALLOC_SEARCH,case=split,sample=8,us=239
ALLOC_SEARCH,case=split,sample=9,us=241
ALLOC_SEARCH,case=split,sample=10,us=240
ALLOC_SEARCH,case=split,sample=11,us=241
ALLOC_SEARCH,case=miss,sample=0,us=264
ALLOC_SEARCH,case=miss,sample=1,us=258
ALLOC_SEARCH,case=miss,sample=2,us=258
ALLOC_SEARCH,case=miss,sample=3,us=258
ALLOC_SEARCH,case=miss,sample=4,us=257
ALLOC_SEARCH,case=miss,sample=5,us=257
ALLOC_SEARCH,case=miss,sample=6,us=258
ALLOC_SEARCH,case=miss,sample=7,us=258
ALLOC_SEARCH,case=miss,sample=8,us=258
ALLOC_SEARCH,case=miss,sample=9,us=258
ALLOC_SEARCH,case=miss,sample=10,us=257
ALLOC_SEARCH,case=miss,sample=11,us=259
ALLOC_SEARCH,case=churn,sample=0,us=11213
ALLOC_SEARCH,case=churn,sample=1,us=11206
ALLOC_SEARCH,case=churn,sample=2,us=11204
ALLOC_SEARCH,case=churn,sample=3,us=11206
ALLOC_SEARCH,case=churn,sample=4,us=11205
ALLOC_SEARCH,case=churn,sample=5,us=11205
ALLOC_SEARCH,case=churn,sample=6,us=11203
ALLOC_SEARCH,case=churn,sample=7,us=11204
ALLOC_SEARCH,case=churn,sample=8,us=11204
ALLOC_SEARCH,case=churn,sample=9,us=11204
ALLOC_SEARCH,case=churn,sample=10,us=11204
ALLOC_SEARCH,case=churn,sample=11,us=11203
ALLOC_SEARCH,checks=pass
ALLOC_SEARCH,done=1
