GC_SWEEP,format=1,mode=single,arena=262144,nodes=1024
GC_SWEEP,case=all_live,sample=0,us=1747
GC_SWEEP,case=all_live,sample=1,us=1726
GC_SWEEP,case=all_live,sample=2,us=1723
GC_SWEEP,case=all_live,sample=3,us=1723
GC_SWEEP,case=all_live,sample=4,us=1722
GC_SWEEP,case=all_live,sample=5,us=1720
GC_SWEEP,case=all_live,sample=6,us=1722
GC_SWEEP,case=all_live,sample=7,us=1722
GC_SWEEP,case=all_live,sample=8,us=1722
GC_SWEEP,case=all_live,sample=9,us=1722
GC_SWEEP,case=all_live,sample=10,us=1726
GC_SWEEP,case=all_live,sample=11,us=1722
GC_SWEEP,case=contiguous,sample=0,us=509
GC_SWEEP,case=contiguous,sample=1,us=510
GC_SWEEP,case=contiguous,sample=2,us=510
GC_SWEEP,case=contiguous,sample=3,us=510
GC_SWEEP,case=contiguous,sample=4,us=509
GC_SWEEP,case=contiguous,sample=5,us=509
GC_SWEEP,case=contiguous,sample=6,us=510
GC_SWEEP,case=contiguous,sample=7,us=510
GC_SWEEP,case=contiguous,sample=8,us=509
GC_SWEEP,case=contiguous,sample=9,us=510
GC_SWEEP,case=contiguous,sample=10,us=510
GC_SWEEP,case=contiguous,sample=11,us=508
GC_SWEEP,case=fragmented,sample=0,us=660
GC_SWEEP,case=fragmented,sample=1,us=659
GC_SWEEP,case=fragmented,sample=2,us=659
GC_SWEEP,case=fragmented,sample=3,us=660
GC_SWEEP,case=fragmented,sample=4,us=659
GC_SWEEP,case=fragmented,sample=5,us=660
GC_SWEEP,case=fragmented,sample=6,us=660
GC_SWEEP,case=fragmented,sample=7,us=660
GC_SWEEP,case=fragmented,sample=8,us=660
GC_SWEEP,case=fragmented,sample=9,us=660
GC_SWEEP,case=fragmented,sample=10,us=659
GC_SWEEP,case=fragmented,sample=11,us=660
GC_SWEEP,case=raw_survivors,sample=0,us=677
GC_SWEEP,case=raw_survivors,sample=1,us=677
GC_SWEEP,case=raw_survivors,sample=2,us=677
GC_SWEEP,case=raw_survivors,sample=3,us=676
GC_SWEEP,case=raw_survivors,sample=4,us=676
GC_SWEEP,case=raw_survivors,sample=5,us=677
GC_SWEEP,case=raw_survivors,sample=6,us=676
GC_SWEEP,case=raw_survivors,sample=7,us=675
GC_SWEEP,case=raw_survivors,sample=8,us=677
GC_SWEEP,case=raw_survivors,sample=9,us=677
GC_SWEEP,case=raw_survivors,sample=10,us=677
GC_SWEEP,case=raw_survivors,sample=11,us=676
GC_SWEEP,checks=pass
GC_SWEEP,done=1
