GC_SWEEP,format=1,mode=single,arena=65536,nodes=256
GC_SWEEP,case=all_live,sample=0,us=507
GC_SWEEP,case=all_live,sample=1,us=490
GC_SWEEP,case=all_live,sample=2,us=494
GC_SWEEP,case=all_live,sample=3,us=491
GC_SWEEP,case=all_live,sample=4,us=490
GC_SWEEP,case=all_live,sample=5,us=494
GC_SWEEP,case=all_live,sample=6,us=489
GC_SWEEP,case=all_live,sample=7,us=487
GC_SWEEP,case=all_live,sample=8,us=488
GC_SWEEP,case=all_live,sample=9,us=490
GC_SWEEP,case=all_live,sample=10,us=488
GC_SWEEP,case=all_live,sample=11,us=491
GC_SWEEP,case=contiguous,sample=0,us=199
GC_SWEEP,case=contiguous,sample=1,us=199
GC_SWEEP,case=contiguous,sample=2,us=200
GC_SWEEP,case=contiguous,sample=3,us=199
GC_SWEEP,case=contiguous,sample=4,us=200
GC_SWEEP,case=contiguous,sample=5,us=200
GC_SWEEP,case=contiguous,sample=6,us=199
GC_SWEEP,case=contiguous,sample=7,us=198
GC_SWEEP,case=contiguous,sample=8,us=200
GC_SWEEP,case=contiguous,sample=9,us=199
GC_SWEEP,case=contiguous,sample=10,us=200
GC_SWEEP,case=contiguous,sample=11,us=200
GC_SWEEP,case=fragmented,sample=0,us=1778
GC_SWEEP,case=fragmented,sample=1,us=1776
GC_SWEEP,case=fragmented,sample=2,us=1779
GC_SWEEP,case=fragmented,sample=3,us=1778
GC_SWEEP,case=fragmented,sample=4,us=1778
GC_SWEEP,case=fragmented,sample=5,us=1776
GC_SWEEP,case=fragmented,sample=6,us=1777
GC_SWEEP,case=fragmented,sample=7,us=1776
GC_SWEEP,case=fragmented,sample=8,us=1778
GC_SWEEP,case=fragmented,sample=9,us=1779
GC_SWEEP,case=fragmented,sample=10,us=1778
GC_SWEEP,case=fragmented,sample=11,us=1779
GC_SWEEP,case=raw_survivors,sample=0,us=982
GC_SWEEP,case=raw_survivors,sample=1,us=984
GC_SWEEP,case=raw_survivors,sample=2,us=982
GC_SWEEP,case=raw_survivors,sample=3,us=984
GC_SWEEP,case=raw_survivors,sample=4,us=984
GC_SWEEP,case=raw_survivors,sample=5,us=982
GC_SWEEP,case=raw_survivors,sample=6,us=984
GC_SWEEP,case=raw_survivors,sample=7,us=982
GC_SWEEP,case=raw_survivors,sample=8,us=983
GC_SWEEP,case=raw_survivors,sample=9,us=983
GC_SWEEP,case=raw_survivors,sample=10,us=983
GC_SWEEP,case=raw_survivors,sample=11,us=982
GC_SWEEP,checks=pass
GC_SWEEP,done=1
