GC_SWEEP,format=1,mode=single,arena=262144,nodes=1024
GC_SWEEP,case=all_live,sample=0,us=1921
GC_SWEEP,case=all_live,sample=1,us=1905
GC_SWEEP,case=all_live,sample=2,us=1903
GC_SWEEP,case=all_live,sample=3,us=1901
GC_SWEEP,case=all_live,sample=4,us=1902
GC_SWEEP,case=all_live,sample=5,us=1904
GC_SWEEP,case=all_live,sample=6,us=1903
GC_SWEEP,case=all_live,sample=7,us=1903
GC_SWEEP,case=all_live,sample=8,us=1903
GC_SWEEP,case=all_live,sample=9,us=1903
GC_SWEEP,case=all_live,sample=10,us=1902
GC_SWEEP,case=all_live,sample=11,us=1905
GC_SWEEP,case=contiguous,sample=0,us=748
GC_SWEEP,case=contiguous,sample=1,us=745
GC_SWEEP,case=contiguous,sample=2,us=747
GC_SWEEP,case=contiguous,sample=3,us=747
GC_SWEEP,case=contiguous,sample=4,us=748
GC_SWEEP,case=contiguous,sample=5,us=748
GC_SWEEP,case=contiguous,sample=6,us=746
GC_SWEEP,case=contiguous,sample=7,us=748
GC_SWEEP,case=contiguous,sample=8,us=748
GC_SWEEP,case=contiguous,sample=9,us=746
GC_SWEEP,case=contiguous,sample=10,us=748
GC_SWEEP,case=contiguous,sample=11,us=748
GC_SWEEP,case=fragmented,sample=0,us=25408
GC_SWEEP,case=fragmented,sample=1,us=25408
GC_SWEEP,case=fragmented,sample=2,us=25409
GC_SWEEP,case=fragmented,sample=3,us=25409
GC_SWEEP,case=fragmented,sample=4,us=25410
GC_SWEEP,case=fragmented,sample=5,us=25410
GC_SWEEP,case=fragmented,sample=6,us=25409
GC_SWEEP,case=fragmented,sample=7,us=25411
GC_SWEEP,case=fragmented,sample=8,us=25409
GC_SWEEP,case=fragmented,sample=9,us=25409
GC_SWEEP,case=fragmented,sample=10,us=25408
GC_SWEEP,case=fragmented,sample=11,us=25409
GC_SWEEP,case=raw_survivors,sample=0,us=13056
GC_SWEEP,case=raw_survivors,sample=1,us=13056
GC_SWEEP,case=raw_survivors,sample=2,us=13056
GC_SWEEP,case=raw_survivors,sample=3,us=13055
GC_SWEEP,case=raw_survivors,sample=4,us=13055
GC_SWEEP,case=raw_survivors,sample=5,us=13055
GC_SWEEP,case=raw_survivors,sample=6,us=13055
GC_SWEEP,case=raw_survivors,sample=7,us=13057
GC_SWEEP,case=raw_survivors,sample=8,us=13056
GC_SWEEP,case=raw_survivors,sample=9,us=13058
GC_SWEEP,case=raw_survivors,sample=10,us=13054
GC_SWEEP,case=raw_survivors,sample=11,us=13056
GC_SWEEP,checks=pass
GC_SWEEP,done=1
