GC_SWEEP,format=1,mode=single,arena=262144,nodes=1024
GC_SWEEP,case=all_live,sample=0,us=1946
GC_SWEEP,case=all_live,sample=1,us=1942
GC_SWEEP,case=all_live,sample=2,us=1942
GC_SWEEP,case=all_live,sample=3,us=1943
GC_SWEEP,case=all_live,sample=4,us=1942
GC_SWEEP,case=all_live,sample=5,us=1952
GC_SWEEP,case=all_live,sample=6,us=1942
GC_SWEEP,case=all_live,sample=7,us=1943
GC_SWEEP,case=all_live,sample=8,us=1942
GC_SWEEP,case=all_live,sample=9,us=1952
GC_SWEEP,case=all_live,sample=10,us=1942
GC_SWEEP,case=all_live,sample=11,us=1942
GC_SWEEP,case=contiguous,sample=0,us=666
GC_SWEEP,case=contiguous,sample=1,us=657
GC_SWEEP,case=contiguous,sample=2,us=657
GC_SWEEP,case=contiguous,sample=3,us=657
GC_SWEEP,case=contiguous,sample=4,us=657
GC_SWEEP,case=contiguous,sample=5,us=657
GC_SWEEP,case=contiguous,sample=6,us=657
GC_SWEEP,case=contiguous,sample=7,us=657
GC_SWEEP,case=contiguous,sample=8,us=657
GC_SWEEP,case=contiguous,sample=9,us=656
GC_SWEEP,case=contiguous,sample=10,us=656
GC_SWEEP,case=contiguous,sample=11,us=656
GC_SWEEP,case=fragmented,sample=0,us=894
GC_SWEEP,case=fragmented,sample=1,us=893
GC_SWEEP,case=fragmented,sample=2,us=894
GC_SWEEP,case=fragmented,sample=3,us=894
GC_SWEEP,case=fragmented,sample=4,us=894
GC_SWEEP,case=fragmented,sample=5,us=893
GC_SWEEP,case=fragmented,sample=6,us=894
GC_SWEEP,case=fragmented,sample=7,us=894
GC_SWEEP,case=fragmented,sample=8,us=893
GC_SWEEP,case=fragmented,sample=9,us=902
GC_SWEEP,case=fragmented,sample=10,us=894
GC_SWEEP,case=fragmented,sample=11,us=894
GC_SWEEP,case=raw_survivors,sample=0,us=906
GC_SWEEP,case=raw_survivors,sample=1,us=907
GC_SWEEP,case=raw_survivors,sample=2,us=907
GC_SWEEP,case=raw_survivors,sample=3,us=906
GC_SWEEP,case=raw_survivors,sample=4,us=906
GC_SWEEP,case=raw_survivors,sample=5,us=907
GC_SWEEP,case=raw_survivors,sample=6,us=906
GC_SWEEP,case=raw_survivors,sample=7,us=907
GC_SWEEP,case=raw_survivors,sample=8,us=906
GC_SWEEP,case=raw_survivors,sample=9,us=907
GC_SWEEP,case=raw_survivors,sample=10,us=916
GC_SWEEP,case=raw_survivors,sample=11,us=906
GC_SWEEP,checks=pass
GC_SWEEP,done=1
