GC_SWEEP,format=1,mode=single,arena=65536,nodes=256
GC_SWEEP,case=all_live,sample=0,us=470
GC_SWEEP,case=all_live,sample=1,us=449
GC_SWEEP,case=all_live,sample=2,us=450
GC_SWEEP,case=all_live,sample=3,us=446
GC_SWEEP,case=all_live,sample=4,us=446
GC_SWEEP,case=all_live,sample=5,us=447
GC_SWEEP,case=all_live,sample=6,us=449
GC_SWEEP,case=all_live,sample=7,us=447
GC_SWEEP,case=all_live,sample=8,us=448
GC_SWEEP,case=all_live,sample=9,us=448
GC_SWEEP,case=all_live,sample=10,us=450
GC_SWEEP,case=all_live,sample=11,us=448
GC_SWEEP,case=contiguous,sample=0,us=141
GC_SWEEP,case=contiguous,sample=1,us=140
GC_SWEEP,case=contiguous,sample=2,us=141
GC_SWEEP,case=contiguous,sample=3,us=140
GC_SWEEP,case=contiguous,sample=4,us=141
GC_SWEEP,case=contiguous,sample=5,us=141
GC_SWEEP,case=contiguous,sample=6,us=141
GC_SWEEP,case=contiguous,sample=7,us=141
GC_SWEEP,case=contiguous,sample=8,us=142
GC_SWEEP,case=contiguous,sample=9,us=142
GC_SWEEP,case=contiguous,sample=10,us=141
GC_SWEEP,case=contiguous,sample=11,us=141
GC_SWEEP,case=fragmented,sample=0,us=179
GC_SWEEP,case=fragmented,sample=1,us=178
GC_SWEEP,case=fragmented,sample=2,us=178
GC_SWEEP,case=fragmented,sample=3,us=178
GC_SWEEP,case=fragmented,sample=4,us=178
GC_SWEEP,case=fragmented,sample=5,us=179
GC_SWEEP,case=fragmented,sample=6,us=178
GC_SWEEP,case=fragmented,sample=7,us=178
GC_SWEEP,case=fragmented,sample=8,us=178
GC_SWEEP,case=fragmented,sample=9,us=178
GC_SWEEP,case=fragmented,sample=10,us=178
GC_SWEEP,case=fragmented,sample=11,us=178
GC_SWEEP,case=raw_survivors,sample=0,us=182
GC_SWEEP,case=raw_survivors,sample=1,us=182
GC_SWEEP,case=raw_survivors,sample=2,us=183
GC_SWEEP,case=raw_survivors,sample=3,us=182
GC_SWEEP,case=raw_survivors,sample=4,us=183
GC_SWEEP,case=raw_survivors,sample=5,us=182
GC_SWEEP,case=raw_survivors,sample=6,us=183
GC_SWEEP,case=raw_survivors,sample=7,us=182
GC_SWEEP,case=raw_survivors,sample=8,us=183
GC_SWEEP,case=raw_survivors,sample=9,us=182
GC_SWEEP,case=raw_survivors,sample=10,us=183
GC_SWEEP,case=raw_survivors,sample=11,us=182
GC_SWEEP,checks=pass
GC_SWEEP,done=1
