GC_SWEEP,format=1,mode=single,arena=262144,nodes=1024
GC_SWEEP,case=all_live,sample=0,us=2197
GC_SWEEP,case=all_live,sample=1,us=2193
GC_SWEEP,case=all_live,sample=2,us=2202
GC_SWEEP,case=all_live,sample=3,us=2193
GC_SWEEP,case=all_live,sample=4,us=2194
GC_SWEEP,case=all_live,sample=5,us=2193
GC_SWEEP,case=all_live,sample=6,us=2193
GC_SWEEP,case=all_live,sample=7,us=2202
GC_SWEEP,case=all_live,sample=8,us=2193
GC_SWEEP,case=all_live,sample=9,us=2193
GC_SWEEP,case=all_live,sample=10,us=2193
GC_SWEEP,case=all_live,sample=11,us=2202
GC_SWEEP,case=contiguous,sample=0,us=1021
GC_SWEEP,case=contiguous,sample=1,us=1021
GC_SWEEP,case=contiguous,sample=2,us=1021
GC_SWEEP,case=contiguous,sample=3,us=1021
GC_SWEEP,case=contiguous,sample=4,us=1021
GC_SWEEP,case=contiguous,sample=5,us=1021
GC_SWEEP,case=contiguous,sample=6,us=1021
GC_SWEEP,case=contiguous,sample=7,us=1021
GC_SWEEP,case=contiguous,sample=8,us=1021
GC_SWEEP,case=contiguous,sample=9,us=1021
GC_SWEEP,case=contiguous,sample=10,us=1021
GC_SWEEP,case=contiguous,sample=11,us=1021
GC_SWEEP,case=fragmented,sample=0,us=30858
GC_SWEEP,case=fragmented,sample=1,us=30857
GC_SWEEP,case=fragmented,sample=2,us=30858
GC_SWEEP,case=fragmented,sample=3,us=30858
GC_SWEEP,case=fragmented,sample=4,us=30858
GC_SWEEP,case=fragmented,sample=5,us=30866
GC_SWEEP,case=fragmented,sample=6,us=30858
GC_SWEEP,case=fragmented,sample=7,us=30858
GC_SWEEP,case=fragmented,sample=8,us=30858
GC_SWEEP,case=fragmented,sample=9,us=30858
GC_SWEEP,case=fragmented,sample=10,us=30858
GC_SWEEP,case=fragmented,sample=11,us=30858
GC_SWEEP,case=raw_survivors,sample=0,us=15896
GC_SWEEP,case=raw_survivors,sample=1,us=15905
GC_SWEEP,case=raw_survivors,sample=2,us=15904
GC_SWEEP,case=raw_survivors,sample=3,us=15905
GC_SWEEP,case=raw_survivors,sample=4,us=15895
GC_SWEEP,case=raw_survivors,sample=5,us=15895
GC_SWEEP,case=raw_survivors,sample=6,us=15905
GC_SWEEP,case=raw_survivors,sample=7,us=15904
GC_SWEEP,case=raw_survivors,sample=8,us=15905
GC_SWEEP,case=raw_survivors,sample=9,us=15895
GC_SWEEP,case=raw_survivors,sample=10,us=15896
GC_SWEEP,case=raw_survivors,sample=11,us=15905
GC_SWEEP,checks=pass
GC_SWEEP,done=1
