GC_VARIED,format=1,mode=single,arena_capacity=65536,arena_high_water=65520,checksum=3154,auto_collections=15
GC_VARIED,case=empty,sample=0,us=26
GC_VARIED,case=empty,sample=1,us=24
GC_VARIED,case=empty,sample=2,us=24
GC_VARIED,case=empty,sample=3,us=24
GC_VARIED,case=empty,sample=4,us=24
GC_VARIED,case=empty,sample=5,us=24
GC_VARIED,case=empty,sample=6,us=24
GC_VARIED,case=empty,sample=7,us=24
GC_VARIED,case=empty,sample=8,us=24
GC_VARIED,case=empty,sample=9,us=24
GC_VARIED,case=empty,sample=10,us=24
GC_VARIED,case=empty,sample=11,us=24
GC_VARIED,case=forward_chain,sample=0,us=201
GC_VARIED,case=forward_chain,sample=1,us=201
GC_VARIED,case=forward_chain,sample=2,us=201
GC_VARIED,case=forward_chain,sample=3,us=202
GC_VARIED,case=forward_chain,sample=4,us=201
GC_VARIED,case=forward_chain,sample=5,us=201
GC_VARIED,case=forward_chain,sample=6,us=202
GC_VARIED,case=forward_chain,sample=7,us=202
GC_VARIED,case=forward_chain,sample=8,us=201
GC_VARIED,case=forward_chain,sample=9,us=201
GC_VARIED,case=forward_chain,sample=10,us=202
GC_VARIED,case=forward_chain,sample=11,us=201
GC_VARIED,case=wide_shared,sample=0,us=240
GC_VARIED,case=wide_shared,sample=1,us=196
GC_VARIED,case=wide_shared,sample=2,us=196
GC_VARIED,case=wide_shared,sample=3,us=196
GC_VARIED,case=wide_shared,sample=4,us=197
GC_VARIED,case=wide_shared,sample=5,us=198
GC_VARIED,case=wide_shared,sample=6,us=196
GC_VARIED,case=wide_shared,sample=7,us=197
GC_VARIED,case=wide_shared,sample=8,us=196
GC_VARIED,case=wide_shared,sample=9,us=196
GC_VARIED,case=wide_shared,sample=10,us=197
GC_VARIED,case=wide_shared,sample=11,us=197
GC_VARIED,case=mixed_cycle,sample=0,us=119
GC_VARIED,case=mixed_cycle,sample=1,us=96
GC_VARIED,case=mixed_cycle,sample=2,us=96
GC_VARIED,case=mixed_cycle,sample=3,us=96
GC_VARIED,case=mixed_cycle,sample=4,us=96
GC_VARIED,case=mixed_cycle,sample=5,us=96
GC_VARIED,case=mixed_cycle,sample=6,us=96
GC_VARIED,case=mixed_cycle,sample=7,us=97
GC_VARIED,case=mixed_cycle,sample=8,us=96
GC_VARIED,case=mixed_cycle,sample=9,us=96
GC_VARIED,case=mixed_cycle,sample=10,us=96
GC_VARIED,case=mixed_cycle,sample=11,us=96
GC_VARIED,case=reclaim_mixed,sample=0,us=146
GC_VARIED,case=reclaim_mixed,sample=1,us=137
GC_VARIED,case=reclaim_mixed,sample=2,us=137
GC_VARIED,case=reclaim_mixed,sample=3,us=137
GC_VARIED,case=reclaim_mixed,sample=4,us=137
GC_VARIED,case=reclaim_mixed,sample=5,us=137
GC_VARIED,case=reclaim_mixed,sample=6,us=137
GC_VARIED,case=reclaim_mixed,sample=7,us=137
GC_VARIED,case=reclaim_mixed,sample=8,us=137
GC_VARIED,case=reclaim_mixed,sample=9,us=137
GC_VARIED,case=reclaim_mixed,sample=10,us=136
GC_VARIED,case=reclaim_mixed,sample=11,us=136
GC_VARIED,checks=pass
GC_VARIED,done=1
