GC_VARIED,format=1,mode=single,arena_capacity=65536,arena_high_water=65520,checksum=3154,auto_collections=15
GC_VARIED,case=empty,sample=0,us=23
GC_VARIED,case=empty,sample=1,us=18
GC_VARIED,case=empty,sample=2,us=16
GC_VARIED,case=empty,sample=3,us=15
GC_VARIED,case=empty,sample=4,us=15
GC_VARIED,case=empty,sample=5,us=15
GC_VARIED,case=empty,sample=6,us=15
GC_VARIED,case=empty,sample=7,us=15
GC_VARIED,case=empty,sample=8,us=15
GC_VARIED,case=empty,sample=9,us=15
GC_VARIED,case=empty,sample=10,us=15
GC_VARIED,case=empty,sample=11,us=15
GC_VARIED,case=forward_chain,sample=0,us=364
GC_VARIED,case=forward_chain,sample=1,us=342
GC_VARIED,case=forward_chain,sample=2,us=341
GC_VARIED,case=forward_chain,sample=3,us=341
GC_VARIED,case=forward_chain,sample=4,us=340
GC_VARIED,case=forward_chain,sample=5,us=341
GC_VARIED,case=forward_chain,sample=6,us=340
GC_VARIED,case=forward_chain,sample=7,us=341
GC_VARIED,case=forward_chain,sample=8,us=340
GC_VARIED,case=forward_chain,sample=9,us=340
GC_VARIED,case=forward_chain,sample=10,us=340
GC_VARIED,case=forward_chain,sample=11,us=340
GC_VARIED,case=wide_shared,sample=0,us=619
GC_VARIED,case=wide_shared,sample=1,us=581
GC_VARIED,case=wide_shared,sample=2,us=580
GC_VARIED,case=wide_shared,sample=3,us=580
GC_VARIED,case=wide_shared,sample=4,us=580
GC_VARIED,case=wide_shared,sample=5,us=580
GC_VARIED,case=wide_shared,sample=6,us=580
GC_VARIED,case=wide_shared,sample=7,us=580
GC_VARIED,case=wide_shared,sample=8,us=580
GC_VARIED,case=wide_shared,sample=9,us=580
GC_VARIED,case=wide_shared,sample=10,us=580
GC_VARIED,case=wide_shared,sample=11,us=580
GC_VARIED,case=mixed_cycle,sample=0,us=213
GC_VARIED,case=mixed_cycle,sample=1,us=180
GC_VARIED,case=mixed_cycle,sample=2,us=177
GC_VARIED,case=mixed_cycle,sample=3,us=176
GC_VARIED,case=mixed_cycle,sample=4,us=176
GC_VARIED,case=mixed_cycle,sample=5,us=176
GC_VARIED,case=mixed_cycle,sample=6,us=177
GC_VARIED,case=mixed_cycle,sample=7,us=177
GC_VARIED,case=mixed_cycle,sample=8,us=177
GC_VARIED,case=mixed_cycle,sample=9,us=176
GC_VARIED,case=mixed_cycle,sample=10,us=176
GC_VARIED,case=mixed_cycle,sample=11,us=176
GC_VARIED,case=reclaim_mixed,sample=0,us=156
GC_VARIED,case=reclaim_mixed,sample=1,us=153
GC_VARIED,case=reclaim_mixed,sample=2,us=153
GC_VARIED,case=reclaim_mixed,sample=3,us=152
GC_VARIED,case=reclaim_mixed,sample=4,us=152
GC_VARIED,case=reclaim_mixed,sample=5,us=152
GC_VARIED,case=reclaim_mixed,sample=6,us=152
GC_VARIED,case=reclaim_mixed,sample=7,us=152
GC_VARIED,case=reclaim_mixed,sample=8,us=153
GC_VARIED,case=reclaim_mixed,sample=9,us=152
GC_VARIED,case=reclaim_mixed,sample=10,us=153
GC_VARIED,case=reclaim_mixed,sample=11,us=152
GC_VARIED,checks=pass
GC_VARIED,done=1
