GC_BENCH,format=1,mode=single,arena_capacity=65536,arena_high_water=6560
GC_BENCH,case=mutator,rounds=120000,us=772004,checksum=286270096
GC_BENCH,case=live_backward_chain,sample=0,us=191
GC_BENCH,case=live_backward_chain,sample=1,us=190
GC_BENCH,case=live_backward_chain,sample=2,us=190
GC_BENCH,case=live_backward_chain,sample=3,us=190
GC_BENCH,case=live_backward_chain,sample=4,us=189
GC_BENCH,case=live_backward_chain,sample=5,us=189
GC_BENCH,case=live_backward_chain,sample=6,us=190
GC_BENCH,case=live_backward_chain,sample=7,us=189
GC_BENCH,case=live_backward_chain,sample=8,us=189
GC_BENCH,case=live_backward_chain,sample=9,us=190
GC_BENCH,case=live_backward_chain,sample=10,us=189
GC_BENCH,case=live_backward_chain,sample=11,us=189
GC_BENCH,case=reclaim_garbage,sample=0,us=227
GC_BENCH,case=reclaim_garbage,sample=1,us=212
GC_BENCH,case=reclaim_garbage,sample=2,us=212
GC_BENCH,case=reclaim_garbage,sample=3,us=212
GC_BENCH,case=reclaim_garbage,sample=4,us=212
GC_BENCH,case=reclaim_garbage,sample=5,us=212
GC_BENCH,case=reclaim_garbage,sample=6,us=212
GC_BENCH,case=reclaim_garbage,sample=7,us=212
GC_BENCH,case=reclaim_garbage,sample=8,us=212
GC_BENCH,case=reclaim_garbage,sample=9,us=212
GC_BENCH,case=reclaim_garbage,sample=10,us=212
GC_BENCH,case=reclaim_garbage,sample=11,us=212
GC_BENCH,done=1
