GC_VARIED,format=1,mode=single,arena_capacity=65536,arena_high_water=65520,checksum=3154,auto_collections=15
GC_VARIED,case=empty,sample=0,us=21
GC_VARIED,case=empty,sample=1,us=19
GC_VARIED,case=empty,sample=2,us=17
GC_VARIED,case=empty,sample=3,us=16
GC_VARIED,case=empty,sample=4,us=16
GC_VARIED,case=empty,sample=5,us=16
GC_VARIED,case=empty,sample=6,us=16
GC_VARIED,case=empty,sample=7,us=16
GC_VARIED,case=empty,sample=8,us=15
GC_VARIED,case=empty,sample=9,us=15
GC_VARIED,case=empty,sample=10,us=15
GC_VARIED,case=empty,sample=11,us=15
GC_VARIED,case=forward_chain,sample=0,us=179
GC_VARIED,case=forward_chain,sample=1,us=162
GC_VARIED,case=forward_chain,sample=2,us=163
GC_VARIED,case=forward_chain,sample=3,us=163
GC_VARIED,case=forward_chain,sample=4,us=163
GC_VARIED,case=forward_chain,sample=5,us=163
GC_VARIED,case=forward_chain,sample=6,us=163
GC_VARIED,case=forward_chain,sample=7,us=163
GC_VARIED,case=forward_chain,sample=8,us=162
GC_VARIED,case=forward_chain,sample=9,us=162
GC_VARIED,case=forward_chain,sample=10,us=163
GC_VARIED,case=forward_chain,sample=11,us=163
GC_VARIED,case=wide_shared,sample=0,us=195
GC_VARIED,case=wide_shared,sample=1,us=167
GC_VARIED,case=wide_shared,sample=2,us=167
GC_VARIED,case=wide_shared,sample=3,us=167
GC_VARIED,case=wide_shared,sample=4,us=167
GC_VARIED,case=wide_shared,sample=5,us=166
GC_VARIED,case=wide_shared,sample=6,us=167
GC_VARIED,case=wide_shared,sample=7,us=167
GC_VARIED,case=wide_shared,sample=8,us=167
GC_VARIED,case=wide_shared,sample=9,us=167
GC_VARIED,case=wide_shared,sample=10,us=166
GC_VARIED,case=wide_shared,sample=11,us=167
GC_VARIED,case=mixed_cycle,sample=0,us=119
GC_VARIED,case=mixed_cycle,sample=1,us=98
GC_VARIED,case=mixed_cycle,sample=2,us=97
GC_VARIED,case=mixed_cycle,sample=3,us=97
GC_VARIED,case=mixed_cycle,sample=4,us=98
GC_VARIED,case=mixed_cycle,sample=5,us=98
GC_VARIED,case=mixed_cycle,sample=6,us=98
GC_VARIED,case=mixed_cycle,sample=7,us=98
GC_VARIED,case=mixed_cycle,sample=8,us=98
GC_VARIED,case=mixed_cycle,sample=9,us=98
GC_VARIED,case=mixed_cycle,sample=10,us=98
GC_VARIED,case=mixed_cycle,sample=11,us=98
GC_VARIED,case=reclaim_mixed,sample=0,us=153
GC_VARIED,case=reclaim_mixed,sample=1,us=149
GC_VARIED,case=reclaim_mixed,sample=2,us=147
GC_VARIED,case=reclaim_mixed,sample=3,us=147
GC_VARIED,case=reclaim_mixed,sample=4,us=147
GC_VARIED,case=reclaim_mixed,sample=5,us=147
GC_VARIED,case=reclaim_mixed,sample=6,us=147
GC_VARIED,case=reclaim_mixed,sample=7,us=147
GC_VARIED,case=reclaim_mixed,sample=8,us=147
GC_VARIED,case=reclaim_mixed,sample=9,us=147
GC_VARIED,case=reclaim_mixed,sample=10,us=147
GC_VARIED,case=reclaim_mixed,sample=11,us=147
GC_VARIED,checks=pass
GC_VARIED,done=1
